<?xml version="1.0" encoding="utf-8"?><testsuites><testsuite name="pytest" errors="0" failures="0" skipped="0" tests="2" time="13.033" timestamp="2024-07-22T11:25:44.463139" hostname="AMAGFXQ46V0KV"><testcase classname="test.test_login.TestWebForm" name="test_page_title" time="12.184" /><testcase classname="test.test_login.TestWebForm" name="test_form_submission" time="0.785" /></testsuite></testsuites>